// Jest Snapshot v1, https://goo.gl/fbAQLP

exports[`VUserSearchForm renders the component 1`] = `
<form>
  <elinput-stub value="" type="text" autocomplete="off" validateevent="true" placeholder="Pesquise o usuÃ¡rio" class="search-form__input"></elinput-stub>
</form>
`;
